[1m[34m[ 1/18] index.md[39m[22m
[1m[34m[ 2/18] 01-usando-valores-p.md[39m[22m
[1m[34m[ 3/18] 02-control-de-errores.md[39m[22m
[1m[34m[ 4/18] 03-verosimilitudes.md[39m[22m
[1m[34m[ 5/18] 04-estadistica-bayesiana.md[39m[22m
[1m[34m[ 6/18] 05-formulando-preguntas-estadisticas.md[39m[22m
[1m[34m[ 7/18] 06-tamaños-del-efecto.md[39m[22m
[1m[34m[ 8/18] 07-intervalos-de-confianza.md[39m[22m
[1m[34m[ 9/18] 08-justificacion-del-tamaño-de-la-muestra.md[39m[22m
[1m[34m[10/18] 09-pruebas-de-equivalencia.md[39m[22m
[1m[34m[11/18] 10-analisis-secuencial.md[39m[22m
[1m[34m[12/18] 11-meta-analisis.md[39m[22m
[1m[34m[13/18] 12-deteccion-de-sesgos.md[39m[22m
[1m[34m[14/18] 13-prerregistro-y-transparencia.md[39m[22m
[1m[34m[15/18] 14-reproducibilidad-computacional.md[39m[22m
[1m[34m[16/18] 15-integridad-de-la-investigacion.md[39m[22m
[1m[34m[17/18] 16-sesgo-y-escepticismo.md[39m[22m
[1m[34m[18/18] 17-estudios-de-replicacion.md[39m[22m

[1mpandoc [22m
  to: epub
  output-file: Mejora-de-tus-Inferencias-Estadísticas.epub
  toc: false
  number-sections: true
  default-image-extension: png
  html-math-method: mathml
  
[1mmetadata[22m
  crossref:
    chapters: true
  title: Mejora de tus Inferencias Estadísticas
  subtitle: Traducción al castellano de "Improving Your Statistical Inferences" de Daniël Lakens
  
Output created: _downloads/Mejora-de-tus-Inferencias-Estadísticas.epub

