[1m[34m[ 1/18] index.md[39m[22m
[1m[34m[ 2/18] 01-usando-valores-p.md[39m[22m
[1m[34m[ 3/18] 02-control-de-errores.md[39m[22m
[1m[34m[ 4/18] 03-verosimilitudes.md[39m[22m
[1m[34m[ 5/18] 04-estadistica-bayesiana.md[39m[22m
[1m[34m[ 6/18] 05-formulando-preguntas-estadisticas.md[39m[22m
[1m[34m[ 7/18] 06-tamaños-del-efecto.md[39m[22m
[1m[34m[ 8/18] 07-intervalos-de-confianza.md[39m[22m
[1m[34m[ 9/18] 08-justificacion-del-tamaño-de-la-muestra.md[39m[22m
[1m[34m[10/18] 09-pruebas-de-equivalencia.md[39m[22m
[1m[34m[11/18] 10-analisis-secuencial.md[39m[22m
[1m[34m[12/18] 11-meta-analisis.md[39m[22m
[1m[34m[13/18] 12-deteccion-de-sesgos.md[39m[22m
[1m[34m[14/18] 13-prerregistro-y-transparencia.md[39m[22m
[1m[34m[15/18] 14-reproducibilidad-computacional.md[39m[22m
[1m[34m[16/18] 15-integridad-de-la-investigacion.md[39m[22m
[1m[34m[17/18] 16-sesgo-y-escepticismo.md[39m[22m
[1m[34m[18/18] 17-estudios-de-replicacion.md[39m[22m

[1mpandoc [22m
  to: latex
  output-file: index.tex
  standalone: true
  toc: true
  number-sections: true
  top-level-division: chapter
  pdf-engine: lualatex
  variables:
    graphics: true
    tables: true
  default-image-extension: pdf
  
[1mmetadata[22m
  crossref:
    chapters: true
  documentclass: scrreprt
  papersize: letter
  classoption:
    - DIV=11
    - numbers=noendperiod
  header-includes:
    - \KOMAoption{captions}{tableheading}
  block-headings: true
  title: Mejora de tus Inferencias Estadísticas
  subtitle: Traducción al castellano de "Improving Your Statistical Inferences" de Daniël Lakens
  
[1m[34m
Rendering PDF[39m[22m
[1m[34mrunning lualatex - 1[39m[22m
  This is LuaHBTeX, Version 1.24.0 (TeX Live 2026) 
   restricted system commands enabled.
  
  luaotfload | db : Font names database not found, generating new one.
  luaotfload | db : This can take several minutes; please be patient.
[1m[34mupdating tlmgr[39m[22m

[1m[34mupdating existing packages[39m[22m
[91mERROR: 
compilation failed- error[39m
LaTeX Error: Unknown graphics extension: .gif.

See the LaTeX manual or LaTeX Companion for explanation.
Type  H <return>  for immediate help.
 ...                                              
                                                  
l.3163 ...atio]{index_files/mediabag/figura2-7.gif}}
                                                  


see /home/runner/work/inferencias-estadisticas-ESP/inferencias-estadisticas-ESP/index.log for more information.
[33mWARN: Error encountered when rendering files[39m
